# Тестирование обработки ошибок
=== ТЕСТ 3: ОБРАБОТКА ОШИБОК ===

--- Попытка чтения несуществующего файла ---
cat /nonexistent_file.txt

--- Попытка списка несуществующей директории ---
ls /invalid_directory

--- Команда cat без аргументов ---
cat

--- Команда ls с неверным путем ---
ls /home/user/invalid_path

--- Попытка доступа к файлу как к директории ---
ls /boot.bat

=== ТЕСТ 3 ЗАВЕРШЕН ===